HARNESS_START=2026-08-11 15:28:02 +0800
JOB=118934731 NODES=j04r2n[04-07]
DISK_AVAILABLE_KB=74575572
HASH_OK|2f7ed4431d749e8950fba1659dccc71df28ed0be33ab28eb884308447e6c3d79|/public/home/fujiake/fjk/agent_tmp/isolated/scripts/s32_stage146_g1_strip_pipeline_20260811/run_lineage_then_candidate.slurm
HASH_OK|d9a45dbbc351a3e386a504c87d355f0db2197c6c6bdec2b5eb2b2276b36fe5a2|/public/home/fujiake/nan/sprint/ROMS_CoSiNE15_s22b/oceanM.s32_ifort2021_ipo.bak
HASH_OK|a5b26f194a8e1e25b2f37ebfb168414233ce19a894ae6889b919f83146e71a0e|/public/home/fujiake/fjk/agent_tmp/isolated/work/s32_stage146_g1_strip_pipeline_20260811_build1/Aprime/oceanM.stage146_Aprime
HASH_OK|5354ce4a3f46a8b764a4728179a7dd62550c46a96b71e5aa25a772d238b99616|/public/home/fujiake/fjk/agent_tmp/isolated/work/s32_stage146_g1_strip_pipeline_20260811_build1/B/oceanM.stage146_B
HASH_OK|05ceb746d36522ccdb960ab082b70401d294fd0cc8a393c25bcb9e25365e7b21|/public/home/fujiake/fjk/agent_tmp/isolated/work/s32_stage146_g1_strip_pipeline_20260811_build1/Aprime/ROMS/External/ocean_SCS_Dongsha60_bio15.in
HASH_OK|0ef5b45a357d06e27f3e5e6865010fdacf24ba0fc9ebd95aae8a5dd6dc4ce473|/public/home/fujiake/fjk/agent_tmp/isolated/work/s32_stage146_g1_strip_pipeline_20260811_build1/Aprime/coll_rules.conf
RUN_START|W0|WARMUP_A|2026-08-11 15:28:03 +0800
RUN_DONE|W0|WARMUP_A|real=106.011|trajectory=fa498694109f9a578ca07133f55d8e58961dde55666ca5347707d86eb40e44b0|nc=0
RUN_START|A1|FROZEN_A|2026-08-11 15:29:50 +0800
RUN_DONE|A1|FROZEN_A|real=103.848|trajectory=fa498694109f9a578ca07133f55d8e58961dde55666ca5347707d86eb40e44b0|nc=0
RUN_START|AP1|REBUILD_APRIME|2026-08-11 15:31:34 +0800
RUN_DONE|AP1|REBUILD_APRIME|real=103.169|trajectory=fa498694109f9a578ca07133f55d8e58961dde55666ca5347707d86eb40e44b0|nc=0
RUN_START|AP2|REBUILD_APRIME|2026-08-11 15:33:17 +0800
RUN_DONE|AP2|REBUILD_APRIME|real=104.179|trajectory=fa498694109f9a578ca07133f55d8e58961dde55666ca5347707d86eb40e44b0|nc=0
RUN_START|A2|FROZEN_A|2026-08-11 15:35:01 +0800
RUN_DONE|A2|FROZEN_A|real=109.827|trajectory=fa498694109f9a578ca07133f55d8e58961dde55666ca5347707d86eb40e44b0|nc=0
mean_A_seconds=106.838
mean_AP_seconds=103.674
ap_delta_percent=-2.9610
trajectory_same=True
lineage_pass=False
LINEAGE_GATE_STOP rc=3
