当前工作目录: /public/home/fujiake/nan/backup/ROMS_CoSiNE15
基准目录(ref): /public/share/mcc2026_final/output/
测试目录(test): /public/home/fujiake/nan/backup/results/3day_118346383/

================================================================================
【SCS_avg_0001.nc 所有变量全局RMSE校验】
temp                 RMSE = 0.000200   阈值≤0.001500   ✅正常
salt                 RMSE = 0.000017   阈值≤0.001000   ✅正常
u                    RMSE = 0.000057   阈值≤0.000400   ✅正常
v                    RMSE = 0.000041   阈值≤0.000400   ✅正常
zeta                 RMSE = 0.000005   阈值≤0.000500   ✅正常
NO3                  RMSE = 0.000104   阈值≤0.005000   ✅正常
NH4                  RMSE = 0.000014   阈值≤0.002000   ✅正常
PO4                  RMSE = 0.000022   阈值≤0.000800   ✅正常
diatom               RMSE = 0.000009   阈值≤0.002000   ✅正常
microzooplankton     RMSE = 0.000009   阈值≤0.001500   ✅正常
detritus             RMSE = 0.000046   阈值≤0.002000   ✅正常
oxygen               RMSE = 0.001128   阈值≤0.050000   ✅正常
TIC                  RMSE = 0.066997   阈值≤0.500000   ✅正常

================================================================================
【Dongsha60_avg_0001.nc 所有变量全局RMSE校验】
temp                 RMSE = 0.000067   阈值≤0.000200   ✅正常
salt                 RMSE = 0.000003   阈值≤0.000150   ✅正常
u                    RMSE = 0.000052   阈值≤0.000060   ✅正常
v                    RMSE = 0.000020   阈值≤0.000060   ✅正常
zeta                 RMSE = 0.000004   阈值≤0.000080   ✅正常
NO3                  RMSE = 0.000184   阈值≤0.000800   ✅正常
NH4                  RMSE = 0.000012   阈值≤0.000300   ✅正常
PO4                  RMSE = 0.000013   阈值≤0.000120   ✅正常
diatom               RMSE = 0.000035   阈值≤0.000300   ✅正常
microzooplankton     RMSE = 0.000003   阈值≤0.000200   ✅正常
detritus             RMSE = 0.000019   阈值≤0.000300   ✅正常
oxygen               RMSE = 0.001974   阈值≤0.008000   ✅正常
TIC                  RMSE = 0.001130   阈值≤0.008000   ✅正常

================================================================================
【全局汇总校验结论】
SCS文件整体状态: 全部正常
Dongsha60文件整体状态: 全部正常
最终判定：两组文件所有变量RMSE均在阈值范围内，优化结果无异常
