HARNESS_START=2026-08-01 18:32:02 +0800
JOB=118365261 NODES=j05r2n[12-15] NNODES=4 NTASKS=64 CPUS_PER_TASK=2
DISK_AVAILABLE_KB=86716020
ULIMIT_STACK=unlimited ULIMIT_LOCKED=unlimited
HASH_OK|a28ad4f7bdb98288f671d5bad74ce55d7b82133091b4cffd6e5e2715223486a2|/public/home/fujiake/fjk/agent_tmp/isolated/work/o33_norecvzero_abba_20260801/run_abba_sample.slurm
HASH_OK|5f1a137e42252c9b978ad50ab344b9d6493f5e5afeeb71ed2d83f0a4228cfcb9|/public/home/fujiake/fjk/agent_tmp/isolated/imports/nan_O33_final_20260801/ROMS_CoSiNE15/oceanM.O33_final
HASH_OK|3f9aa42af02861d205b85a3b73ae1c72eef13a4875a4b8b5584cc813d7a75b4c|/public/home/fujiake/fjk/agent_tmp/isolated/work/o33_norecvzero_abba_20260801/ROMS_CoSiNE15/oceanM.O33_norecvzero
HASH_OK|c91c138ec6b912647f7d0c1d616cd6babc4d3250b7ae7c4e43efd61a8313d704|/public/home/fujiake/fjk/agent_tmp/isolated/work/o33_norecvzero_abba_20260801/ROMS_CoSiNE15/ROMS/Utility/distribute.F
HASH_OK|05ceb746d36522ccdb960ab082b70401d294fd0cc8a393c25bcb9e25365e7b21|/public/home/fujiake/fjk/agent_tmp/isolated/work/o33_norecvzero_abba_20260801/ROMS_CoSiNE15/ROMS/External/ocean_SCS_Dongsha60_bio15.in
HASH_OK|0ef5b45a357d06e27f3e5e6865010fdacf24ba0fc9ebd95aae8a5dd6dc4ce473|/public/home/fujiake/fjk/agent_tmp/isolated/work/o33_norecvzero_abba_20260801/ROMS_CoSiNE15/coll_rules.conf
HASH_OK|97230e0b0dd4533a4000155bd691c81d243bdc45c24e6ceaeb09ffa6b1bb878a|/public/share/mcc2026_final/vali.py
INPUT_ASSERT_OK replacements=18 path=/public/home/fujiake/fjk/mcc_runs/118365261_o33_nrz_abba_sample/A1/input.in
RUN_START|A1|O33|2026-08-01 18:32:03 +0800|/public/home/fujiake/fjk/agent_tmp/isolated/imports/nan_O33_final_20260801/ROMS_CoSiNE15/oceanM.O33_final
RUN_DONE|A1|O33|real=129.687|trajectory=fa498694109f9a578ca07133f55d8e58961dde55666ca5347707d86eb40e44b0|nc=0|2026-08-01 18:34:12 +0800
INPUT_ASSERT_OK replacements=18 path=/public/home/fujiake/fjk/mcc_runs/118365261_o33_nrz_abba_sample/B1/input.in
RUN_START|B1|O33_NORECVZERO|2026-08-01 18:34:12 +0800|/public/home/fujiake/fjk/agent_tmp/isolated/work/o33_norecvzero_abba_20260801/ROMS_CoSiNE15/oceanM.O33_norecvzero
RUN_DONE|B1|O33_NORECVZERO|real=129.371|trajectory=fa498694109f9a578ca07133f55d8e58961dde55666ca5347707d86eb40e44b0|nc=0|2026-08-01 18:36:22 +0800
INPUT_ASSERT_OK replacements=18 path=/public/home/fujiake/fjk/mcc_runs/118365261_o33_nrz_abba_sample/B2/input.in
RUN_START|B2|O33_NORECVZERO|2026-08-01 18:36:22 +0800|/public/home/fujiake/fjk/agent_tmp/isolated/work/o33_norecvzero_abba_20260801/ROMS_CoSiNE15/oceanM.O33_norecvzero
RUN_DONE|B2|O33_NORECVZERO|real=128.699|trajectory=fa498694109f9a578ca07133f55d8e58961dde55666ca5347707d86eb40e44b0|nc=0|2026-08-01 18:38:30 +0800
INPUT_ASSERT_OK replacements=18 path=/public/home/fujiake/fjk/mcc_runs/118365261_o33_nrz_abba_sample/A2/input.in
RUN_START|A2|O33|2026-08-01 18:38:31 +0800|/public/home/fujiake/fjk/agent_tmp/isolated/imports/nan_O33_final_20260801/ROMS_CoSiNE15/oceanM.O33_final
RUN_DONE|A2|O33|real=124.995|trajectory=fa498694109f9a578ca07133f55d8e58961dde55666ca5347707d86eb40e44b0|nc=0|2026-08-01 18:40:36 +0800
mean_A_seconds=127.341
mean_B_seconds=129.035
gain_percent=-1.3303
both_B_faster=False
trajectory_consistent=True
verdict=STOP_BRANCH
HARNESS_DONE=2026-08-01 18:40:36 +0800
OUTPUT_RETAINED=/public/home/fujiake/fjk/mcc_runs/118365261_o33_nrz_abba_sample
