2026-08-11 16:17:42|i17r1n00|allocated|START
2026-08-11 16:17:42|i17r1n01|allocated|START
2026-08-11 16:17:42|i17r1n02|allocated|START
2026-08-11 16:17:42|i17r1n03|allocated|START
2026-08-11 16:17:42|i17r1n04|allocated|START
2026-08-11 16:17:42|i17r1n05|allocated|START
2026-08-11 16:17:42|i17r1n06|allocated|START
2026-08-11 16:17:42|i17r1n07|allocated|START
2026-08-11 16:17:42|i17r1n08|drained|START
2026-08-11 16:17:42|i17r1n09|drained|START
2026-08-11 16:17:42|i17r1n10|drained|START
2026-08-11 16:17:42|i17r1n11|drained|START
2026-08-11 16:17:42|i17r1n12|idle|START
2026-08-11 16:17:42|i17r1n13|idle|START
2026-08-11 16:17:42|i17r1n14|idle|START
2026-08-11 16:17:42|i17r1n15|idle|START
2026-08-11 16:17:42|i17r1n16|idle|START
2026-08-11 16:17:42|i17r1n17|idle|START
2026-08-11 16:17:42|i17r1n18|idle|START
2026-08-11 16:17:42|i17r1n19|idle|START
2026-08-11 16:17:42|i17r2n00|allocated|START
2026-08-11 16:17:42|i17r2n01|allocated|START
2026-08-11 16:17:42|i17r2n02|allocated|START
2026-08-11 16:17:42|i17r2n03|allocated|START
2026-08-11 16:17:42|i17r2n04|allocated|START
2026-08-11 16:17:42|i17r2n05|allocated|START
2026-08-11 16:17:42|i17r2n06|allocated|START
2026-08-11 16:17:42|i17r2n07|allocated|START
2026-08-11 16:17:42|i17r2n08|allocated|START
2026-08-11 16:17:42|i17r2n09|allocated|START
2026-08-11 16:17:42|i17r2n10|allocated|START
2026-08-11 16:17:42|i17r2n11|allocated|START
2026-08-11 16:17:42|i17r2n12|allocated|START
2026-08-11 16:17:42|i17r2n13|allocated|START
2026-08-11 16:17:42|i17r2n14|allocated|START
2026-08-11 16:17:42|i17r2n15|allocated|START
2026-08-11 16:17:42|i17r2n16|allocated|START
2026-08-11 16:17:42|i17r2n17|allocated|START
2026-08-11 16:17:42|i17r2n18|allocated|START
2026-08-11 16:17:42|i17r2n19|allocated|START
2026-08-11 16:17:42|j01r2n00|allocated|START
2026-08-11 16:17:42|j01r2n01|allocated|START
2026-08-11 16:17:42|j01r2n02|allocated|START
2026-08-11 16:17:42|j01r2n03|allocated|START
2026-08-11 16:17:42|j01r2n04|drained|START
2026-08-11 16:17:42|j01r2n05|drained|START
2026-08-11 16:17:42|j01r2n06|drained|START
2026-08-11 16:17:42|j01r2n07|drained|START
2026-08-11 16:17:42|j01r2n08|drained|START
2026-08-11 16:17:42|j01r2n09|drained|START
2026-08-11 16:17:42|j01r2n10|drained|START
2026-08-11 16:17:42|j01r2n11|drained|START
2026-08-11 16:17:42|j01r2n12|mixed|START
2026-08-11 16:17:42|j01r2n13|idle|START
2026-08-11 16:17:42|j01r2n14|idle|START
2026-08-11 16:17:42|j01r2n15|idle|START
2026-08-11 16:17:42|j01r2n16|allocated|START
2026-08-11 16:17:42|j01r2n17|allocated|START
2026-08-11 16:17:42|j01r2n18|allocated|START
2026-08-11 16:17:42|j01r2n19|allocated|START
2026-08-11 16:17:42|j04r2n00|allocated|START
2026-08-11 16:17:42|j04r2n01|allocated|START
2026-08-11 16:17:42|j04r2n02|allocated|START
2026-08-11 16:17:42|j04r2n03|allocated|START
2026-08-11 16:17:42|j04r2n04|allocated|START
2026-08-11 16:17:42|j04r2n05|allocated|START
2026-08-11 16:17:42|j04r2n06|allocated|START
2026-08-11 16:17:42|j04r2n07|allocated|START
2026-08-11 16:17:42|j04r2n08|idle|START
2026-08-11 16:17:42|j04r2n09|idle|START
2026-08-11 16:17:42|j04r2n10|idle|START
2026-08-11 16:17:42|j04r2n11|idle|START
2026-08-11 16:17:42|j04r2n12|idle|START
2026-08-11 16:17:42|j04r2n13|idle|START
2026-08-11 16:17:42|j04r2n14|idle|START
2026-08-11 16:17:42|j04r2n15|idle|START
2026-08-11 16:17:42|j04r2n16|allocated|START
2026-08-11 16:17:42|j04r2n17|allocated|START
2026-08-11 16:17:42|j04r2n18|allocated|START
2026-08-11 16:17:42|j04r2n19|allocated|START
2026-08-11 16:17:42|j05r2n00|allocated|START
2026-08-11 16:17:42|j05r2n01|allocated|START
2026-08-11 16:17:42|j05r2n02|allocated|START
2026-08-11 16:17:42|j05r2n03|allocated|START
2026-08-11 16:17:42|j05r2n04|allocated|START
2026-08-11 16:17:42|j05r2n05|allocated|START
2026-08-11 16:17:42|j05r2n06|allocated|START
2026-08-11 16:17:42|j05r2n07|allocated|START
2026-08-11 16:17:42|j05r2n10|allocated|START
2026-08-11 16:17:42|j05r2n11|allocated|START
2026-08-11 16:17:42|j05r2n12|allocated|START
2026-08-11 16:17:42|j05r2n13|allocated|START
2026-08-11 16:17:42|j05r2n14|idle|START
2026-08-11 16:17:42|j05r2n15|idle|START
2026-08-11 16:17:42|j05r2n16|idle|START
2026-08-11 16:17:42|j05r2n17|idle|START
2026-08-11 16:18:13|i17r1n12|allocated|CHG:idle->allocated
2026-08-11 16:18:13|i17r1n13|allocated|CHG:idle->allocated
2026-08-11 16:18:13|i17r1n14|allocated|CHG:idle->allocated
2026-08-11 16:18:13|i17r1n15|allocated|CHG:idle->allocated
2026-08-11 16:18:13|j01r2n12|idle|CHG:mixed->idle
2026-08-11 16:18:13|j05r2n10|idle|CHG:allocated->idle
2026-08-11 16:18:13|j05r2n11|idle|CHG:allocated->idle
2026-08-11 16:18:13|j05r2n12|idle|CHG:allocated->idle
2026-08-11 16:18:13|j05r2n13|idle|CHG:allocated->idle
