HARNESS_START=2026-08-01 23:27:47 +0800
JOB=118373369 NODES=j04r2n[08-11] NNODES=4 NTASKS=64 CPUS_PER_TASK=2
DISK_AVAILABLE_KB=78998756
HASH_OK|525dc95eab03a6cba645dbae2f342962d61037d1b1975f19c370445beb346ca3|/public/home/fujiake/fjk/agent_tmp/isolated/scripts/rankmap_square_20260801/run_rankmap_abba.slurm
HASH_OK|5f1a137e42252c9b978ad50ab344b9d6493f5e5afeeb71ed2d83f0a4228cfcb9|/public/home/fujiake/fjk/agent_tmp/isolated/imports/nan_O33_final_20260801/ROMS_CoSiNE15/oceanM.O33_final
HASH_OK|05ceb746d36522ccdb960ab082b70401d294fd0cc8a393c25bcb9e25365e7b21|/public/home/fujiake/fjk/agent_tmp/isolated/imports/nan_O33_final_20260801/ROMS_CoSiNE15/ROMS/External/ocean_SCS_Dongsha60_bio15.in
HASH_OK|0ef5b45a357d06e27f3e5e6865010fdacf24ba0fc9ebd95aae8a5dd6dc4ce473|/public/home/fujiake/fjk/agent_tmp/isolated/imports/nan_O33_final_20260801/ROMS_CoSiNE15/coll_rules.conf
HASH_OK|c66ab7bb6a855ab319a886f6ace110429b204efb26aa1aaf0785ff28a38e577a|/public/home/fujiake/fjk/agent_tmp/isolated/imports/nan_O33_final_20260801/ROMS_CoSiNE15/ROMS/Utility/mp_exchange.F
HASH_OK|97230e0b0dd4533a4000155bd691c81d243bdc45c24e6ceaeb09ffa6b1bb878a|/public/share/mcc2026_final/vali.py
{"A": {"inter": 24, "intra": 88, "total": 112}, "B": {"inter": 16, "intra": 96, "total": 112}}
2c1624716a641e48ef938d5596a10dda9488f278efc1dae0b23561037fccf6df  /public/home/fujiake/fjk/mcc_runs/118373369_o33_rankmap_abba_sample/rankfile.stripes
04295ecd3ab4bed31daccc54caa12e5be59e32e81a9f5db6d9907f3b637da20e  /public/home/fujiake/fjk/mcc_runs/118373369_o33_rankmap_abba_sample/rankfile.square4x4
7f02a68eb1b6f7105e0f5075c60a59ec223da12919ebd6d612f2a94e0ce7f2bc  /public/home/fujiake/fjk/mcc_runs/118373369_o33_rankmap_abba_sample/rank_mapping_audit.json
INPUT_ASSERT_OK replacements=18 path=/public/home/fujiake/fjk/mcc_runs/118373369_o33_rankmap_abba_sample/A1/input.in
RUN_START|A1|STRIPES|2026-08-01 23:27:48 +0800|/public/home/fujiake/fjk/mcc_runs/118373369_o33_rankmap_abba_sample/rankfile.stripes
RUN_DONE|A1|STRIPES|real=128.132|trajectory=fa498694109f9a578ca07133f55d8e58961dde55666ca5347707d86eb40e44b0|nc=0|2026-08-01 23:29:57 +0800
INPUT_ASSERT_OK replacements=18 path=/public/home/fujiake/fjk/mcc_runs/118373369_o33_rankmap_abba_sample/B1/input.in
RUN_START|B1|SQUARE4X4|2026-08-01 23:29:57 +0800|/public/home/fujiake/fjk/mcc_runs/118373369_o33_rankmap_abba_sample/rankfile.square4x4
RUN_DONE|B1|SQUARE4X4|real=125.746|trajectory=fa498694109f9a578ca07133f55d8e58961dde55666ca5347707d86eb40e44b0|nc=0|2026-08-01 23:32:03 +0800
INPUT_ASSERT_OK replacements=18 path=/public/home/fujiake/fjk/mcc_runs/118373369_o33_rankmap_abba_sample/B2/input.in
RUN_START|B2|SQUARE4X4|2026-08-01 23:32:03 +0800|/public/home/fujiake/fjk/mcc_runs/118373369_o33_rankmap_abba_sample/rankfile.square4x4
RUN_DONE|B2|SQUARE4X4|real=124.383|trajectory=fa498694109f9a578ca07133f55d8e58961dde55666ca5347707d86eb40e44b0|nc=0|2026-08-01 23:34:07 +0800
INPUT_ASSERT_OK replacements=18 path=/public/home/fujiake/fjk/mcc_runs/118373369_o33_rankmap_abba_sample/A2/input.in
RUN_START|A2|STRIPES|2026-08-01 23:34:07 +0800|/public/home/fujiake/fjk/mcc_runs/118373369_o33_rankmap_abba_sample/rankfile.stripes
RUN_DONE|A2|STRIPES|real=123.998|trajectory=fa498694109f9a578ca07133f55d8e58961dde55666ca5347707d86eb40e44b0|nc=0|2026-08-01 23:36:11 +0800
mean_A_seconds=126.065
mean_B_seconds=125.064
gain_percent=0.7936
both_B_faster=False
trajectory_consistent=True
verdict=STOP_BRANCH
HARNESS_DONE=2026-08-01 23:36:11 +0800
OUTPUT_RETAINED=/public/home/fujiake/fjk/mcc_runs/118373369_o33_rankmap_abba_sample
