HARNESS_START=2026-08-01 23:01:33 +0800
JOB=118372618 NODES=j05r2n[00-03] NNODES=4 NTASKS=64 CPUS_PER_TASK=2
DISK_AVAILABLE_KB=79009748
HASH_OK|012aa6e6c94a3865083ef6dc0634925c4c5f247470fe52bba8cb6fcc8c302709|/public/home/fujiake/fjk/agent_tmp/isolated/scripts/pre_step3d_pmnreuse_20260801/run_pmnreuse_abba.slurm
HASH_OK|5f1a137e42252c9b978ad50ab344b9d6493f5e5afeeb71ed2d83f0a4228cfcb9|/public/home/fujiake/fjk/agent_tmp/isolated/imports/nan_O33_final_20260801/ROMS_CoSiNE15/oceanM.O33_final
HASH_OK|eabad62df0006a2d937093e8a78fc19cf7d0f84c0f168bde39cde9f8b18f4f72|/public/home/fujiake/fjk/agent_tmp/isolated/work/o33_pmnreuse_abba_20260801/ROMS_CoSiNE15/oceanM.O33_pmnreuse
HASH_OK|93472d108061604d3f5e764301190b81b909c12f41792931a9059fcfb7e15dfd|/public/home/fujiake/fjk/agent_tmp/isolated/work/o33_pmnreuse_abba_20260801/ROMS_CoSiNE15/ROMS/Nonlinear/pre_step3d.F
HASH_OK|8dfdddc916b0a9e4a6c06720312f7b9d6056bc2976a3874b94820a73a83b3463|/public/home/fujiake/fjk/agent_tmp/isolated/work/o33_pmnreuse_abba_20260801/ROMS_CoSiNE15/Build/pre_step3d.o
HASH_OK|081b267b491f6ddf48cd03243a5fa466f9f277439ceb4eec5332a5355a9faced|/public/home/fujiake/fjk/agent_tmp/isolated/work/o33_pmnreuse_abba_20260801/ROMS_CoSiNE15/Compilers/Linux-ifort.mk
HASH_OK|05ceb746d36522ccdb960ab082b70401d294fd0cc8a393c25bcb9e25365e7b21|/public/home/fujiake/fjk/agent_tmp/isolated/work/o33_pmnreuse_abba_20260801/ROMS_CoSiNE15/ROMS/External/ocean_SCS_Dongsha60_bio15.in
HASH_OK|0ef5b45a357d06e27f3e5e6865010fdacf24ba0fc9ebd95aae8a5dd6dc4ce473|/public/home/fujiake/fjk/agent_tmp/isolated/work/o33_pmnreuse_abba_20260801/ROMS_CoSiNE15/coll_rules.conf
HASH_OK|97230e0b0dd4533a4000155bd691c81d243bdc45c24e6ceaeb09ffa6b1bb878a|/public/share/mcc2026_final/vali.py
INPUT_ASSERT_OK replacements=18 path=/public/home/fujiake/fjk/mcc_runs/118372618_o33_pmnreuse_abba_sample/A1/input.in
RUN_START|A1|O33|2026-08-01 23:01:34 +0800|/public/home/fujiake/fjk/agent_tmp/isolated/imports/nan_O33_final_20260801/ROMS_CoSiNE15/oceanM.O33_final
RUN_DONE|A1|O33|real=132.956|trajectory=fa498694109f9a578ca07133f55d8e58961dde55666ca5347707d86eb40e44b0|nc=0|2026-08-01 23:03:48 +0800
INPUT_ASSERT_OK replacements=18 path=/public/home/fujiake/fjk/mcc_runs/118372618_o33_pmnreuse_abba_sample/B1/input.in
RUN_START|B1|O33_PMNREUSE|2026-08-01 23:03:48 +0800|/public/home/fujiake/fjk/agent_tmp/isolated/work/o33_pmnreuse_abba_20260801/ROMS_CoSiNE15/oceanM.O33_pmnreuse
RUN_DONE|B1|O33_PMNREUSE|real=132.446|trajectory=fa498694109f9a578ca07133f55d8e58961dde55666ca5347707d86eb40e44b0|nc=0|2026-08-01 23:06:01 +0800
INPUT_ASSERT_OK replacements=18 path=/public/home/fujiake/fjk/mcc_runs/118372618_o33_pmnreuse_abba_sample/B2/input.in
RUN_START|B2|O33_PMNREUSE|2026-08-01 23:06:01 +0800|/public/home/fujiake/fjk/agent_tmp/isolated/work/o33_pmnreuse_abba_20260801/ROMS_CoSiNE15/oceanM.O33_pmnreuse
RUN_DONE|B2|O33_PMNREUSE|real=132.174|trajectory=fa498694109f9a578ca07133f55d8e58961dde55666ca5347707d86eb40e44b0|nc=0|2026-08-01 23:08:13 +0800
INPUT_ASSERT_OK replacements=18 path=/public/home/fujiake/fjk/mcc_runs/118372618_o33_pmnreuse_abba_sample/A2/input.in
RUN_START|A2|O33|2026-08-01 23:08:13 +0800|/public/home/fujiake/fjk/agent_tmp/isolated/imports/nan_O33_final_20260801/ROMS_CoSiNE15/oceanM.O33_final
RUN_DONE|A2|O33|real=126.991|trajectory=fa498694109f9a578ca07133f55d8e58961dde55666ca5347707d86eb40e44b0|nc=0|2026-08-01 23:10:20 +0800
mean_A_seconds=129.974
mean_B_seconds=132.310
gain_percent=-1.7977
both_B_faster=False
trajectory_consistent=True
verdict=STOP_BRANCH
HARNESS_DONE=2026-08-01 23:10:20 +0800
OUTPUT_RETAINED=/public/home/fujiake/fjk/mcc_runs/118372618_o33_pmnreuse_abba_sample
